INFO:     Started server process [25613]
INFO:     Waiting for application startup.
INFO:     Application startup complete.
INFO:     Uvicorn running on http://127.0.0.1:8000 (Press CTRL+C to quit)
[INFO] Forcing CPU Execution for Stability
Applied providers: ['CPUExecutionProvider'], with options: {'CPUExecutionProvider': {}}
model ignore: ./models/buffalo_s/1k3d68.onnx landmark_3d_68
Applied providers: ['CPUExecutionProvider'], with options: {'CPUExecutionProvider': {}}
model ignore: ./models/buffalo_s/2d106det.onnx landmark_2d_106
Applied providers: ['CPUExecutionProvider'], with options: {'CPUExecutionProvider': {}}
find model: ./models/buffalo_s/det_500m.onnx detection [1, 3, '?', '?'] 127.5 128.0
Applied providers: ['CPUExecutionProvider'], with options: {'CPUExecutionProvider': {}}
model ignore: ./models/buffalo_s/genderage.onnx genderage
Applied providers: ['CPUExecutionProvider'], with options: {'CPUExecutionProvider': {}}
find model: ./models/buffalo_s/w600k_mbf.onnx recognition ['None', 3, 112, 112] 127.5 127.5
set det-size: (320, 320)
Loading CLIP (ONNX)...
*************** EP Error ***************
EP Error /onnxruntime_src/onnxruntime/core/providers/cuda/cuda_call.cc:129 std::conditional_t<THRW, void, onnxruntime::common::Status> onnxruntime::CudaCall(ERRTYPE, const char*, const char*, SUCCTYPE, const char*, const char*, int) [with ERRTYPE = cudaError; bool THRW = true; SUCCTYPE = cudaError; std::conditional_t<THRW, void, common::Status> = void] /onnxruntime_src/onnxruntime/core/providers/cuda/cuda_call.cc:121 std::conditional_t<THRW, void, onnxruntime::common::Status> onnxruntime::CudaCall(ERRTYPE, const char*, const char*, SUCCTYPE, const char*, const char*, int) [with ERRTYPE = cudaError; bool THRW = true; SUCCTYPE = cudaError; std::conditional_t<THRW, void, common::Status> = void] CUDA failure 999: unknown error ; GPU=-1 ; hostname=shubham-LOQ-15IRX9 ; file=/onnxruntime_src/onnxruntime/core/providers/cuda/cuda_execution_provider.cc ; line=334 ; expr=cudaSetDevice(info_.device_id); 

 when using ['CUDAExecutionProvider', 'CPUExecutionProvider']
Falling back to ['CPUExecutionProvider'] and retrying.
****************************************
*************** EP Error ***************
EP Error /onnxruntime_src/onnxruntime/core/providers/cuda/cuda_call.cc:129 std::conditional_t<THRW, void, onnxruntime::common::Status> onnxruntime::CudaCall(ERRTYPE, const char*, const char*, SUCCTYPE, const char*, const char*, int) [with ERRTYPE = cudaError; bool THRW = true; SUCCTYPE = cudaError; std::conditional_t<THRW, void, common::Status> = void] /onnxruntime_src/onnxruntime/core/providers/cuda/cuda_call.cc:121 std::conditional_t<THRW, void, onnxruntime::common::Status> onnxruntime::CudaCall(ERRTYPE, const char*, const char*, SUCCTYPE, const char*, const char*, int) [with ERRTYPE = cudaError; bool THRW = true; SUCCTYPE = cudaError; std::conditional_t<THRW, void, common::Status> = void] CUDA failure 999: unknown error ; GPU=-1 ; hostname=shubham-LOQ-15IRX9 ; file=/onnxruntime_src/onnxruntime/core/providers/cuda/cuda_execution_provider.cc ; line=334 ; expr=cudaSetDevice(info_.device_id); 

 when using ['CUDAExecutionProvider', 'CPUExecutionProvider']
Falling back to ['CPUExecutionProvider'] and retrying.
****************************************
✅ Semantic Search Engine Ready.
System Online: GPU Models Loaded
INFO:     127.0.0.1:52884 - "POST /index/image HTTP/1.1" 200 OK
INFO:     127.0.0.1:52892 - "POST /search/text HTTP/1.1" 200 OK
